
> backend-adoptions-final@1.0.0 test:coverage
> c8 --reporter=text --reporter=html --check-coverage --lines=90 --functions=90 --branches=85 --statements=90 npm test


> backend-adoptions-final@1.0.0 test
> mocha "test/**/*.test.js" --timeout 5000



  Tests funcionales de adoption.router.js
    GET /api/adoptions
      ✔ devuelve todas las adopciones (120ms)
      ✔ devuelve una lista vacía cuando no existen adopciones
      ✔ devuelve 500 cuando el servicio falla
    GET /api/adoptions/:aid
      ✔ devuelve una adopción existente
      ✔ devuelve 400 cuando el ID tiene un formato inválido
      ✔ devuelve 404 cuando la adopción no existe
      ✔ devuelve 500 ante un error inesperado
    POST /api/adoptions/:uid/:pid
      ✔ crea una adopción correctamente
      ✔ devuelve 400 cuando el ID del usuario es inválido
      ✔ devuelve 400 cuando el ID de la mascota es inválido
      ✔ devuelve 404 cuando el usuario no existe
      ✔ devuelve 404 cuando la mascota no existe
      ✔ devuelve 409 cuando la mascota ya fue adoptada
      ✔ devuelve 500 ante un error inesperado

  Aplicación Express
    ✔ responde correctamente al health check
    ✔ devuelve 404 para una ruta inexistente
    ✔ exige un servicio de adopciones para iniciar

  AdoptionService
    ✔ exige todos los repositorios
    ✔ obtiene todas las adopciones
    ✔ obtiene una adopción por ID
    ✔ lanza NotFoundError si la adopción no existe
    ✔ lanza NotFoundError si el usuario no existe
    ✔ lanza NotFoundError si la mascota no existe
    ✔ lanza ConflictError si la mascota ya fue adoptada
    ✔ crea la adopción y actualiza usuario y mascota
    ✔ no duplica una mascota que ya figura en el usuario


  26 passing (565ms)

-------------------------|---------|----------|---------|---------|-------------------
File                     | % Stmts | % Branch | % Funcs | % Lines | Uncovered Line #s 
-------------------------|---------|----------|---------|---------|-------------------
All files                |   97.43 |     93.1 |     100 |   97.43 |                   
 src                     |     100 |      100 |     100 |     100 |                   
  app.js                 |     100 |      100 |     100 |     100 |                   
 src/controllers         |   96.49 |    93.33 |     100 |   96.49 |                   
  adoption.controller.js |   96.49 |    93.33 |     100 |   96.49 | 6-7               
 src/errors              |     100 |      100 |     100 |     100 |                   
  app-errors.js          |     100 |      100 |     100 |     100 |                   
 src/middlewares         |   95.12 |       90 |     100 |   95.12 |                   
  async-handler.js       |     100 |      100 |     100 |     100 |                   
  error-handler.js       |   92.59 |       80 |     100 |   92.59 | 5-6               
  not-found.js           |     100 |      100 |     100 |     100 |                   
 src/routes              |    87.5 |    66.66 |     100 |    87.5 |                   
  adoption.router.js     |    87.5 |    66.66 |     100 |    87.5 | 6-7               
 src/services            |     100 |    94.44 |     100 |     100 |                   
  adoption.service.js    |     100 |    94.44 |     100 |     100 | 46                
 src/utils               |     100 |      100 |     100 |     100 |                   
  is-valid-id.js         |     100 |      100 |     100 |     100 |                   
-------------------------|---------|----------|---------|---------|-------------------
