# npm audit report

brace-expansion  <=5.0.7
Severity: high
brace-expansion: DoS via unbounded expansion length causing an out-of-memory process crash - https://github.com/advisories/GHSA-mh99-v99m-4gvg
fix available via `npm audit fix --force`
Will install mocha@11.3.0, which is a breaking change
node_modules/brace-expansion
  minimatch  2.0.0 - 10.0.2
  Depends on vulnerable versions of brace-expansion
  node_modules/minimatch
    glob  4.3.0 - 10.5.0
    Depends on vulnerable versions of minimatch
    node_modules/glob
      mocha  3.0.0-0 - 12.0.0-beta-9
      Depends on vulnerable versions of diff
      Depends on vulnerable versions of glob
      Depends on vulnerable versions of minimatch
      Depends on vulnerable versions of serialize-javascript
      node_modules/mocha

diff  6.0.0 - 8.0.2
jsdiff has a Denial of Service vulnerability in parsePatch and applyPatch - https://github.com/advisories/GHSA-73rr-hh4g-fpgx
fix available via `npm audit fix --force`
Will install mocha@11.3.0, which is a breaking change
node_modules/diff

serialize-javascript  <=7.0.4
Severity: high
Serialize JavaScript is Vulnerable to RCE via RegExp.flags and Date.prototype.toISOString() - https://github.com/advisories/GHSA-5c6j-r48x-rmvq
Serialize JavaScript has CPU Exhaustion Denial of Service via crafted array-like objects - https://github.com/advisories/GHSA-qj8w-gfj5-8c6v
fix available via `npm audit fix --force`
Will install mocha@11.3.0, which is a breaking change
node_modules/serialize-javascript

6 vulnerabilities (1 low, 5 high)

To address all issues (including breaking changes), run:
  npm audit fix --force
